C:\Program Files (x86)\Honeywell\Experion PKS\Client\System\R511\Themes\Classic\AlarmBar.htm -> C:\Program Files (x86)\Honeywell\Experion PKS\Client\System\R511\AlarmBar.htm
C:\Program Files (x86)\Honeywell\Experion PKS\Client\System\R511\Themes\Classic\sysTnd03.htm -> C:\Program Files (x86)\Honeywell\Experion PKS\Client\System\R511\sysTnd03.htm
C:\ProgramData\Honeywell\Experion PKS\Client\MenusAndToolbars\Toolbar\Classic\lrg_tb000.bmp -> C:\ProgramData\Honeywell\Experion PKS\Client\MenusAndToolbars\Toolbar\lrg_tb000.bmp
C:\Program Files (x86)\Honeywell\Experion PKS\Client\System\R511\Themes\Classic\Images\Background_Disabled_2x.png -> C:\Program Files (x86)\Honeywell\Experion PKS\Client\System\R511\Images\Background_Disabled_2x.png
C:\ProgramData\Honeywell\Experion PKS\Client\MenusAndToolbars\Toolbar\Classic\lrg_tb001.bmp -> C:\ProgramData\Honeywell\Experion PKS\Client\MenusAndToolbars\Toolbar\lrg_tb001.bmp
C:\ProgramData\Honeywell\Experion PKS\Client\MenusAndToolbars\Toolbar\Classic\lrg_tb002.bmp -> C:\ProgramData\Honeywell\Experion PKS\Client\MenusAndToolbars\Toolbar\lrg_tb002.bmp
C:\ProgramData\Honeywell\Experion PKS\Client\MenusAndToolbars\Toolbar\Classic\lrg_tb003.bmp -> C:\ProgramData\Honeywell\Experion PKS\Client\MenusAndToolbars\Toolbar\lrg_tb003.bmp
C:\Program Files (x86)\Honeywell\Experion PKS\Client\System\R511\Themes\Classic\Images\Background_Disabled_Primary_2x.png -> C:\Program Files (x86)\Honeywell\Experion PKS\Client\System\R511\Images\Background_Disabled_Primary_2x.png
C:\ProgramData\Honeywell\Experion PKS\Client\MenusAndToolbars\Toolbar\Classic\lrg_tb004.bmp -> C:\ProgramData\Honeywell\Experion PKS\Client\MenusAndToolbars\Toolbar\lrg_tb004.bmp
C:\Program Files (x86)\Honeywell\Experion PKS\Client\System\R511\Themes\Classic\Images\Background_Disabled_Secondary_2x.png -> C:\Program Files (x86)\Honeywell\Experion PKS\Client\System\R511\Images\Background_Disabled_Secondary_2x.png
C:\ProgramData\Honeywell\Experion PKS\Client\MenusAndToolbars\Toolbar\Classic\lrg_tb005.bmp -> C:\ProgramData\Honeywell\Experion PKS\Client\MenusAndToolbars\Toolbar\lrg_tb005.bmp
C:\Program Files (x86)\Honeywell\Experion PKS\Client\System\R511\Themes\Classic\Images\Background_Fail_2x.png -> C:\Program Files (x86)\Honeywell\Experion PKS\Client\System\R511\Images\Background_Fail_2x.png
C:\ProgramData\Honeywell\Experion PKS\Client\MenusAndToolbars\Toolbar\Classic\lrg_tb006.bmp -> C:\ProgramData\Honeywell\Experion PKS\Client\MenusAndToolbars\Toolbar\lrg_tb006.bmp
C:\Program Files (x86)\Honeywell\Experion PKS\Client\System\R511\Themes\Classic\Images\Background_Fail_Primary_2x.png -> C:\Program Files (x86)\Honeywell\Experion PKS\Client\System\R511\Images\Background_Fail_Primary_2x.png
C:\ProgramData\Honeywell\Experion PKS\Client\MenusAndToolbars\Toolbar\Classic\lrg_tb007.bmp -> C:\ProgramData\Honeywell\Experion PKS\Client\MenusAndToolbars\Toolbar\lrg_tb007.bmp
C:\Program Files (x86)\Honeywell\Experion PKS\Client\System\R511\Themes\Classic\Images\Background_Fail_Secondary_2x.png -> C:\Program Files (x86)\Honeywell\Experion PKS\Client\System\R511\Images\Background_Fail_Secondary_2x.png
C:\ProgramData\Honeywell\Experion PKS\Client\MenusAndToolbars\Toolbar\Classic\lrg_tb008.bmp -> C:\ProgramData\Honeywell\Experion PKS\Client\MenusAndToolbars\Toolbar\lrg_tb008.bmp
C:\Program Files (x86)\Honeywell\Experion PKS\Client\System\R511\Themes\Classic\Images\Background_Large_Disabled_2x.png -> C:\Program Files (x86)\Honeywell\Experion PKS\Client\System\R511\Images\Background_Large_Disabled_2x.png
C:\ProgramData\Honeywell\Experion PKS\Client\MenusAndToolbars\Toolbar\Classic\lrg_tb009.bmp -> C:\ProgramData\Honeywell\Experion PKS\Client\MenusAndToolbars\Toolbar\lrg_tb009.bmp
C:\ProgramData\Honeywell\Experion PKS\Client\MenusAndToolbars\Toolbar\Classic\lrg_tb010.bmp -> C:\ProgramData\Honeywell\Experion PKS\Client\MenusAndToolbars\Toolbar\lrg_tb010.bmp
C:\ProgramData\Honeywell\Experion PKS\Client\MenusAndToolbars\Toolbar\Classic\lrg_tb011.bmp -> C:\ProgramData\Honeywell\Experion PKS\Client\MenusAndToolbars\Toolbar\lrg_tb011.bmp
C:\ProgramData\Honeywell\Experion PKS\Client\MenusAndToolbars\Toolbar\Classic\lrg_tb012.bmp -> C:\ProgramData\Honeywell\Experion PKS\Client\MenusAndToolbars\Toolbar\lrg_tb012.bmp
C:\ProgramData\Honeywell\Experion PKS\Client\MenusAndToolbars\Toolbar\Classic\lrg_tb013.bmp -> C:\ProgramData\Honeywell\Experion PKS\Client\MenusAndToolbars\Toolbar\lrg_tb013.bmp
C:\Program Files (x86)\Honeywell\Experion PKS\Client\System\R511\Themes\Classic\Images\Background_Large_Fail_2x.png -> C:\Program Files (x86)\Honeywell\Experion PKS\Client\System\R511\Images\Background_Large_Fail_2x.png
C:\Program Files (x86)\Honeywell\Experion PKS\Client\System\R511\Themes\Classic\Images\Background_Large_Marginal_2x.png -> C:\Program Files (x86)\Honeywell\Experion PKS\Client\System\R511\Images\Background_Large_Marginal_2x.png
C:\Program Files (x86)\Honeywell\Experion PKS\Client\System\R511\Themes\Classic\Images\Background_Large_Severe_2x.png -> C:\Program Files (x86)\Honeywell\Experion PKS\Client\System\R511\Images\Background_Large_Severe_2x.png
C:\Program Files (x86)\Honeywell\Experion PKS\Client\System\R511\Themes\Classic\Images\Background_Large_Transitional_2x.png -> C:\Program Files (x86)\Honeywell\Experion PKS\Client\System\R511\Images\Background_Large_Transitional_2x.png
C:\Program Files (x86)\Honeywell\Experion PKS\Client\System\R511\Themes\Classic\Images\Background_Large_Unknown_2x.png -> C:\Program Files (x86)\Honeywell\Experion PKS\Client\System\R511\Images\Background_Large_Unknown_2x.png
C:\Program Files (x86)\Honeywell\Experion PKS\Client\System\R511\Themes\Classic\Images\Background_Marginal_2x.png -> C:\Program Files (x86)\Honeywell\Experion PKS\Client\System\R511\Images\Background_Marginal_2x.png
C:\ProgramData\Honeywell\Experion PKS\Client\MenusAndToolbars\Toolbar\Classic\lrg_tb014.bmp -> C:\ProgramData\Honeywell\Experion PKS\Client\MenusAndToolbars\Toolbar\lrg_tb014.bmp
C:\Program Files (x86)\Honeywell\Experion PKS\Client\System\R511\Themes\Classic\Images\Background_Marginal_Primary_2x.png -> C:\Program Files (x86)\Honeywell\Experion PKS\Client\System\R511\Images\Background_Marginal_Primary_2x.png
C:\ProgramData\Honeywell\Experion PKS\Client\MenusAndToolbars\Toolbar\Classic\lrg_tb015.bmp -> C:\ProgramData\Honeywell\Experion PKS\Client\MenusAndToolbars\Toolbar\lrg_tb015.bmp
C:\ProgramData\Honeywell\Experion PKS\Client\MenusAndToolbars\Toolbar\Classic\lrg_tb016.bmp -> C:\ProgramData\Honeywell\Experion PKS\Client\MenusAndToolbars\Toolbar\lrg_tb016.bmp
C:\ProgramData\Honeywell\Experion PKS\Client\MenusAndToolbars\Toolbar\Classic\lrg_tb017.bmp -> C:\ProgramData\Honeywell\Experion PKS\Client\MenusAndToolbars\Toolbar\lrg_tb017.bmp
C:\ProgramData\Honeywell\Experion PKS\Client\MenusAndToolbars\Toolbar\Classic\lrg_tb020.bmp -> C:\ProgramData\Honeywell\Experion PKS\Client\MenusAndToolbars\Toolbar\lrg_tb020.bmp
C:\Program Files (x86)\Honeywell\Experion PKS\Client\System\R511\Themes\Classic\Images\Background_Marginal_Secondary_2x.png -> C:\Program Files (x86)\Honeywell\Experion PKS\Client\System\R511\Images\Background_Marginal_Secondary_2x.png
C:\ProgramData\Honeywell\Experion PKS\Client\MenusAndToolbars\Toolbar\Classic\lrg_tb021.bmp -> C:\ProgramData\Honeywell\Experion PKS\Client\MenusAndToolbars\Toolbar\lrg_tb021.bmp
C:\Program Files (x86)\Honeywell\Experion PKS\Client\System\R511\Themes\Classic\Images\Background_Severe_2x.png -> C:\Program Files (x86)\Honeywell\Experion PKS\Client\System\R511\Images\Background_Severe_2x.png
C:\ProgramData\Honeywell\Experion PKS\Client\MenusAndToolbars\Toolbar\Classic\lrg_tb022.bmp -> C:\ProgramData\Honeywell\Experion PKS\Client\MenusAndToolbars\Toolbar\lrg_tb022.bmp
C:\Program Files (x86)\Honeywell\Experion PKS\Client\System\R511\Themes\Classic\Images\Background_Severe_Primary_2x.png -> C:\Program Files (x86)\Honeywell\Experion PKS\Client\System\R511\Images\Background_Severe_Primary_2x.png
C:\ProgramData\Honeywell\Experion PKS\Client\MenusAndToolbars\Toolbar\Classic\lrg_tb027.bmp -> C:\ProgramData\Honeywell\Experion PKS\Client\MenusAndToolbars\Toolbar\lrg_tb027.bmp
C:\Program Files (x86)\Honeywell\Experion PKS\Client\System\R511\Themes\Classic\Images\Background_Severe_Secondary_2x.png -> C:\Program Files (x86)\Honeywell\Experion PKS\Client\System\R511\Images\Background_Severe_Secondary_2x.png
C:\ProgramData\Honeywell\Experion PKS\Client\MenusAndToolbars\Toolbar\Classic\lrg_tb028.bmp -> C:\ProgramData\Honeywell\Experion PKS\Client\MenusAndToolbars\Toolbar\lrg_tb028.bmp
C:\Program Files (x86)\Honeywell\Experion PKS\Client\System\R511\Themes\Classic\Images\Background_Transitional_2x.png -> C:\Program Files (x86)\Honeywell\Experion PKS\Client\System\R511\Images\Background_Transitional_2x.png
C:\ProgramData\Honeywell\Experion PKS\Client\MenusAndToolbars\Toolbar\Classic\lrg_tb029.bmp -> C:\ProgramData\Honeywell\Experion PKS\Client\MenusAndToolbars\Toolbar\lrg_tb029.bmp
C:\ProgramData\Honeywell\Experion PKS\Client\MenusAndToolbars\Toolbar\Classic\lrg_tb099.bmp -> C:\ProgramData\Honeywell\Experion PKS\Client\MenusAndToolbars\Toolbar\lrg_tb099.bmp
C:\Program Files (x86)\Honeywell\Experion PKS\Client\System\R511\Themes\Classic\Images\Background_Transitional_Primary_2x.png -> C:\Program Files (x86)\Honeywell\Experion PKS\Client\System\R511\Images\Background_Transitional_Primary_2x.png
C:\ProgramData\Honeywell\Experion PKS\Client\MenusAndToolbars\Toolbar\Classic\lrg_tb100.bmp -> C:\ProgramData\Honeywell\Experion PKS\Client\MenusAndToolbars\Toolbar\lrg_tb100.bmp
C:\Program Files (x86)\Honeywell\Experion PKS\Client\System\R511\Themes\Classic\Images\Background_Transitional_Secondary_2x.png -> C:\Program Files (x86)\Honeywell\Experion PKS\Client\System\R511\Images\Background_Transitional_Secondary_2x.png
C:\Program Files (x86)\Honeywell\Experion PKS\Client\System\R511\Themes\Classic\Images\Background_Unknown_2x.png -> C:\Program Files (x86)\Honeywell\Experion PKS\Client\System\R511\Images\Background_Unknown_2x.png
C:\ProgramData\Honeywell\Experion PKS\Client\MenusAndToolbars\Toolbar\Classic\lrg_tb101.bmp -> C:\ProgramData\Honeywell\Experion PKS\Client\MenusAndToolbars\Toolbar\lrg_tb101.bmp
C:\Program Files (x86)\Honeywell\Experion PKS\Client\System\R511\Themes\Classic\Images\Background_Unknown_Primary_2x.png -> C:\Program Files (x86)\Honeywell\Experion PKS\Client\System\R511\Images\Background_Unknown_Primary_2x.png
C:\ProgramData\Honeywell\Experion PKS\Client\MenusAndToolbars\Toolbar\Classic\lrg_tb102.bmp -> C:\ProgramData\Honeywell\Experion PKS\Client\MenusAndToolbars\Toolbar\lrg_tb102.bmp
C:\ProgramData\Honeywell\Experion PKS\Client\MenusAndToolbars\Toolbar\Classic\lrg_tb103.bmp -> C:\ProgramData\Honeywell\Experion PKS\Client\MenusAndToolbars\Toolbar\lrg_tb103.bmp
C:\Program Files (x86)\Honeywell\Experion PKS\Client\System\R511\Themes\Classic\Images\Background_Unknown_Secondary_2x.png -> C:\Program Files (x86)\Honeywell\Experion PKS\Client\System\R511\Images\Background_Unknown_Secondary_2x.png
C:\ProgramData\Honeywell\Experion PKS\Client\MenusAndToolbars\Toolbar\Classic\lrg_tb104.bmp -> C:\ProgramData\Honeywell\Experion PKS\Client\MenusAndToolbars\Toolbar\lrg_tb104.bmp
C:\Program Files (x86)\Honeywell\Experion PKS\Client\System\R511\Themes\Classic\Images\Dropdown.png -> C:\Program Files (x86)\Honeywell\Experion PKS\Client\System\R511\Images\Dropdown.png
C:\Program Files (x86)\Honeywell\Experion PKS\Client\System\R511\Themes\Classic\Images\Fold Up.png -> C:\Program Files (x86)\Honeywell\Experion PKS\Client\System\R511\Images\Fold Up.png
C:\ProgramData\Honeywell\Experion PKS\Client\MenusAndToolbars\Toolbar\Classic\tb000.bmp -> C:\ProgramData\Honeywell\Experion PKS\Client\MenusAndToolbars\Toolbar\tb000.bmp
C:\Program Files (x86)\Honeywell\Experion PKS\Client\System\R511\Themes\Classic\Images\Icon_Disabled.png -> C:\Program Files (x86)\Honeywell\Experion PKS\Client\System\R511\Images\Icon_Disabled.png
C:\ProgramData\Honeywell\Experion PKS\Client\MenusAndToolbars\Toolbar\Classic\tb001.bmp -> C:\ProgramData\Honeywell\Experion PKS\Client\MenusAndToolbars\Toolbar\tb001.bmp
C:\Program Files (x86)\Honeywell\Experion PKS\Client\System\R511\Themes\Classic\Images\Icon_Disabled_2x.png -> C:\Program Files (x86)\Honeywell\Experion PKS\Client\System\R511\Images\Icon_Disabled_2x.png
C:\Program Files (x86)\Honeywell\Experion PKS\Client\System\R511\Themes\Classic\Images\Icon_Disabled_3x.png -> C:\Program Files (x86)\Honeywell\Experion PKS\Client\System\R511\Images\Icon_Disabled_3x.png
C:\Program Files (x86)\Honeywell\Experion PKS\Client\System\R511\Themes\Classic\Images\Icon_Transitional.png -> C:\Program Files (x86)\Honeywell\Experion PKS\Client\System\R511\Images\Icon_Transitional.png
C:\Program Files (x86)\Honeywell\Experion PKS\Client\System\R511\Themes\Classic\Images\Icon_Transitional_2x.png -> C:\Program Files (x86)\Honeywell\Experion PKS\Client\System\R511\Images\Icon_Transitional_2x.png
C:\Program Files (x86)\Honeywell\Experion PKS\Client\System\R511\Themes\Classic\Images\Icon_Transitional_3x.png -> C:\Program Files (x86)\Honeywell\Experion PKS\Client\System\R511\Images\Icon_Transitional_3x.png
C:\Program Files (x86)\Honeywell\Experion PKS\Client\System\R511\Themes\Classic\Images\Icon_Transitional_Blink.png -> C:\Program Files (x86)\Honeywell\Experion PKS\Client\System\R511\Images\Icon_Transitional_Blink.png
C:\Program Files (x86)\Honeywell\Experion PKS\Client\System\R511\Themes\Classic\Images\Icon_Transitional_Blink_2x.png -> C:\Program Files (x86)\Honeywell\Experion PKS\Client\System\R511\Images\Icon_Transitional_Blink_2x.png
C:\Program Files (x86)\Honeywell\Experion PKS\Client\System\R511\Themes\Classic\Images\Icon_Transitional_Blink_3x.png -> C:\Program Files (x86)\Honeywell\Experion PKS\Client\System\R511\Images\Icon_Transitional_Blink_3x.png
C:\Program Files (x86)\Honeywell\Experion PKS\Client\System\R511\Themes\Classic\Images\More.png -> C:\Program Files (x86)\Honeywell\Experion PKS\Client\System\R511\Images\More.png
C:\ProgramData\Honeywell\Experion PKS\Client\MenusAndToolbars\Toolbar\Classic\tb002.bmp -> C:\ProgramData\Honeywell\Experion PKS\Client\MenusAndToolbars\Toolbar\tb002.bmp
C:\Program Files (x86)\Honeywell\Experion PKS\Client\System\R511\Themes\Classic\Images\oovAlarmButton.png -> C:\Program Files (x86)\Honeywell\Experion PKS\Client\System\R511\Images\oovAlarmButton.png
C:\ProgramData\Honeywell\Experion PKS\Client\MenusAndToolbars\Toolbar\Classic\tb003.bmp -> C:\ProgramData\Honeywell\Experion PKS\Client\MenusAndToolbars\Toolbar\tb003.bmp
C:\ProgramData\Honeywell\Experion PKS\Client\MenusAndToolbars\Toolbar\Classic\tb004.bmp -> C:\ProgramData\Honeywell\Experion PKS\Client\MenusAndToolbars\Toolbar\tb004.bmp
C:\Program Files (x86)\Honeywell\Experion PKS\Client\System\R511\Themes\Classic\Images\oovAlarmButtonDisabled.png -> C:\Program Files (x86)\Honeywell\Experion PKS\Client\System\R511\Images\oovAlarmButtonDisabled.png
C:\ProgramData\Honeywell\Experion PKS\Client\MenusAndToolbars\Toolbar\Classic\tb005.bmp -> C:\ProgramData\Honeywell\Experion PKS\Client\MenusAndToolbars\Toolbar\tb005.bmp
C:\Program Files (x86)\Honeywell\Experion PKS\Client\System\R511\Themes\Classic\Images\Primary Highlight.png -> C:\Program Files (x86)\Honeywell\Experion PKS\Client\System\R511\Images\Primary Highlight.png
C:\Program Files (x86)\Honeywell\Experion PKS\Client\System\R511\Themes\Classic\Images\Primary Selected.png -> C:\Program Files (x86)\Honeywell\Experion PKS\Client\System\R511\Images\Primary Selected.png
C:\Program Files (x86)\Honeywell\Experion PKS\Client\System\R511\Themes\Classic\Images\Primary Selected_2x.png -> C:\Program Files (x86)\Honeywell\Experion PKS\Client\System\R511\Images\Primary Selected_2x.png
C:\ProgramData\Honeywell\Experion PKS\Client\MenusAndToolbars\Toolbar\Classic\tb006.bmp -> C:\ProgramData\Honeywell\Experion PKS\Client\MenusAndToolbars\Toolbar\tb006.bmp
C:\ProgramData\Honeywell\Experion PKS\Client\MenusAndToolbars\Toolbar\Classic\tb007.bmp -> C:\ProgramData\Honeywell\Experion PKS\Client\MenusAndToolbars\Toolbar\tb007.bmp
C:\ProgramData\Honeywell\Experion PKS\Client\MenusAndToolbars\Toolbar\Classic\tb008.bmp -> C:\ProgramData\Honeywell\Experion PKS\Client\MenusAndToolbars\Toolbar\tb008.bmp
C:\ProgramData\Honeywell\Experion PKS\Client\MenusAndToolbars\Toolbar\Classic\tb009.bmp -> C:\ProgramData\Honeywell\Experion PKS\Client\MenusAndToolbars\Toolbar\tb009.bmp
C:\ProgramData\Honeywell\Experion PKS\Client\MenusAndToolbars\Toolbar\Classic\tb010.bmp -> C:\ProgramData\Honeywell\Experion PKS\Client\MenusAndToolbars\Toolbar\tb010.bmp
C:\ProgramData\Honeywell\Experion PKS\Client\MenusAndToolbars\Toolbar\Classic\tb011.bmp -> C:\ProgramData\Honeywell\Experion PKS\Client\MenusAndToolbars\Toolbar\tb011.bmp
C:\ProgramData\Honeywell\Experion PKS\Client\MenusAndToolbars\Toolbar\Classic\tb012.bmp -> C:\ProgramData\Honeywell\Experion PKS\Client\MenusAndToolbars\Toolbar\tb012.bmp
C:\Program Files (x86)\Honeywell\Experion PKS\Client\System\R511\Themes\Classic\Images\Primary.png -> C:\Program Files (x86)\Honeywell\Experion PKS\Client\System\R511\Images\Primary.png
C:\ProgramData\Honeywell\Experion PKS\Client\MenusAndToolbars\Toolbar\Classic\tb013.bmp -> C:\ProgramData\Honeywell\Experion PKS\Client\MenusAndToolbars\Toolbar\tb013.bmp
C:\Program Files (x86)\Honeywell\Experion PKS\Client\System\R511\Themes\Classic\Images\Primary_2x.png -> C:\Program Files (x86)\Honeywell\Experion PKS\Client\System\R511\Images\Primary_2x.png
C:\ProgramData\Honeywell\Experion PKS\Client\MenusAndToolbars\Toolbar\Classic\tb014.bmp -> C:\ProgramData\Honeywell\Experion PKS\Client\MenusAndToolbars\Toolbar\tb014.bmp
C:\Program Files (x86)\Honeywell\Experion PKS\Client\System\R511\Themes\Classic\Images\radioBtn.png -> C:\Program Files (x86)\Honeywell\Experion PKS\Client\System\R511\Images\radioBtn.png
C:\ProgramData\Honeywell\Experion PKS\Client\MenusAndToolbars\Toolbar\Classic\tb015.bmp -> C:\ProgramData\Honeywell\Experion PKS\Client\MenusAndToolbars\Toolbar\tb015.bmp
C:\Program Files (x86)\Honeywell\Experion PKS\Client\System\R511\Themes\Classic\Images\radiobtn_active.png -> C:\Program Files (x86)\Honeywell\Experion PKS\Client\System\R511\Images\radiobtn_active.png
C:\ProgramData\Honeywell\Experion PKS\Client\MenusAndToolbars\Toolbar\Classic\tb016.bmp -> C:\ProgramData\Honeywell\Experion PKS\Client\MenusAndToolbars\Toolbar\tb016.bmp
C:\Program Files (x86)\Honeywell\Experion PKS\Client\System\R511\Themes\Classic\Images\Secondary Highlight.png -> C:\Program Files (x86)\Honeywell\Experion PKS\Client\System\R511\Images\Secondary Highlight.png
C:\ProgramData\Honeywell\Experion PKS\Client\MenusAndToolbars\Toolbar\Classic\tb017.bmp -> C:\ProgramData\Honeywell\Experion PKS\Client\MenusAndToolbars\Toolbar\tb017.bmp
C:\Program Files (x86)\Honeywell\Experion PKS\Client\System\R511\Themes\Classic\Images\Secondary Selected.png -> C:\Program Files (x86)\Honeywell\Experion PKS\Client\System\R511\Images\Secondary Selected.png
C:\ProgramData\Honeywell\Experion PKS\Client\MenusAndToolbars\Toolbar\Classic\tb019.bmp -> C:\ProgramData\Honeywell\Experion PKS\Client\MenusAndToolbars\Toolbar\tb019.bmp
C:\Program Files (x86)\Honeywell\Experion PKS\Client\System\R511\Themes\Classic\Images\Secondary Selected_2x.png -> C:\Program Files (x86)\Honeywell\Experion PKS\Client\System\R511\Images\Secondary Selected_2x.png
C:\Program Files (x86)\Honeywell\Experion PKS\Client\System\R511\Themes\Classic\Images\Secondary.png -> C:\Program Files (x86)\Honeywell\Experion PKS\Client\System\R511\Images\Secondary.png
C:\Program Files (x86)\Honeywell\Experion PKS\Client\System\R511\Themes\Classic\Images\Secondary_2x.png -> C:\Program Files (x86)\Honeywell\Experion PKS\Client\System\R511\Images\Secondary_2x.png
C:\Program Files (x86)\Honeywell\Experion PKS\Client\System\R511\Themes\Classic\Images\Tab Close.png -> C:\Program Files (x86)\Honeywell\Experion PKS\Client\System\R511\Images\Tab Close.png
C:\ProgramData\Honeywell\Experion PKS\Client\MenusAndToolbars\Toolbar\Classic\tb021.bmp -> C:\ProgramData\Honeywell\Experion PKS\Client\MenusAndToolbars\Toolbar\tb021.bmp
C:\Program Files (x86)\Honeywell\Experion PKS\Client\System\R511\Themes\Classic\Images\Tab Open Overlay.png -> C:\Program Files (x86)\Honeywell\Experion PKS\Client\System\R511\Images\Tab Open Overlay.png
C:\Program Files (x86)\Honeywell\Experion PKS\Client\System\R511\Themes\Classic\Images\Tab Open Simple.png -> C:\Program Files (x86)\Honeywell\Experion PKS\Client\System\R511\Images\Tab Open Simple.png
C:\Program Files (x86)\Honeywell\Experion PKS\Client\System\R511\Themes\Classic\Images\toggle_error.png -> C:\Program Files (x86)\Honeywell\Experion PKS\Client\System\R511\Images\toggle_error.png
C:\Program Files (x86)\Honeywell\Experion PKS\Client\System\R511\Themes\Classic\Images\toggle_off.png -> C:\Program Files (x86)\Honeywell\Experion PKS\Client\System\R511\Images\toggle_off.png
C:\Program Files (x86)\Honeywell\Experion PKS\Client\System\R511\Themes\Classic\Images\toggle_off_disabled.png -> C:\Program Files (x86)\Honeywell\Experion PKS\Client\System\R511\Images\toggle_off_disabled.png
C:\Program Files (x86)\Honeywell\Experion PKS\Client\System\R511\Themes\Classic\Images\toggle_on.png -> C:\Program Files (x86)\Honeywell\Experion PKS\Client\System\R511\Images\toggle_on.png
C:\Program Files (x86)\Honeywell\Experion PKS\Client\System\R511\Themes\Classic\Images\toggle_on_disabled.png -> C:\Program Files (x86)\Honeywell\Experion PKS\Client\System\R511\Images\toggle_on_disabled.png
C:\Program Files (x86)\Honeywell\Experion PKS\Client\System\R511\Themes\Classic\Styles\EPKS.css -> C:\Program Files (x86)\Honeywell\Experion PKS\Client\System\R511\Styles\EPKS.css
C:\Program Files (x86)\Honeywell\Experion PKS\Client\System\R511\Themes\Classic\Styles\EPKS_2.css -> C:\Program Files (x86)\Honeywell\Experion PKS\Client\System\R511\Styles\EPKS_2.css
C:\ProgramData\Honeywell\Experion PKS\Client\MenusAndToolbars\Toolbar\Classic\tb022.bmp -> C:\ProgramData\Honeywell\Experion PKS\Client\MenusAndToolbars\Toolbar\tb022.bmp
C:\Program Files (x86)\Honeywell\Experion PKS\Client\System\R511\Themes\Classic\Styles\SysFaceplate.css -> C:\Program Files (x86)\Honeywell\Experion PKS\Client\System\R511\Styles\SysFaceplate.css
C:\ProgramData\Honeywell\Experion PKS\Client\MenusAndToolbars\Toolbar\Classic\tb027.bmp -> C:\ProgramData\Honeywell\Experion PKS\Client\MenusAndToolbars\Toolbar\tb027.bmp
C:\ProgramData\Honeywell\Experion PKS\Client\MenusAndToolbars\Toolbar\Classic\tb028.bmp -> C:\ProgramData\Honeywell\Experion PKS\Client\MenusAndToolbars\Toolbar\tb028.bmp
C:\ProgramData\Honeywell\Experion PKS\Client\MenusAndToolbars\Toolbar\Classic\tb029.bmp -> C:\ProgramData\Honeywell\Experion PKS\Client\MenusAndToolbars\Toolbar\tb029.bmp
C:\ProgramData\Honeywell\Experion PKS\Client\MenusAndToolbars\Toolbar\Classic\tb099.bmp -> C:\ProgramData\Honeywell\Experion PKS\Client\MenusAndToolbars\Toolbar\tb099.bmp
C:\ProgramData\Honeywell\Experion PKS\Client\MenusAndToolbars\Toolbar\Classic\tb100.bmp -> C:\ProgramData\Honeywell\Experion PKS\Client\MenusAndToolbars\Toolbar\tb100.bmp
C:\ProgramData\Honeywell\Experion PKS\Client\MenusAndToolbars\Toolbar\Classic\tb101.bmp -> C:\ProgramData\Honeywell\Experion PKS\Client\MenusAndToolbars\Toolbar\tb101.bmp
C:\ProgramData\Honeywell\Experion PKS\Client\MenusAndToolbars\Toolbar\Classic\tb102.bmp -> C:\ProgramData\Honeywell\Experion PKS\Client\MenusAndToolbars\Toolbar\tb102.bmp
C:\Program Files (x86)\Honeywell\Experion PKS\Client\System\R511\Themes\Classic\Styles\SysFaceplate_SMSB.css -> C:\Program Files (x86)\Honeywell\Experion PKS\Client\System\R511\Styles\SysFaceplate_SMSB.css
C:\ProgramData\Honeywell\Experion PKS\Client\MenusAndToolbars\Toolbar\Classic\tb103.bmp -> C:\ProgramData\Honeywell\Experion PKS\Client\MenusAndToolbars\Toolbar\tb103.bmp
C:\ProgramData\Honeywell\Experion PKS\Client\MenusAndToolbars\Toolbar\Classic\tb104.bmp -> C:\ProgramData\Honeywell\Experion PKS\Client\MenusAndToolbars\Toolbar\tb104.bmp
C:\ProgramData\Honeywell\Experion PKS\Client\MenusAndToolbars\Toolbar\Classic\tb105.bmp -> C:\ProgramData\Honeywell\Experion PKS\Client\MenusAndToolbars\Toolbar\tb105.bmp
61 File(s) copied
C:\Program Files (x86)\Honeywell\Experion PKS\Client\System\R511\Themes\Classic\sysTnd03_files\bindings.xml -> C:\Program Files (x86)\Honeywell\Experion PKS\Client\System\R511\sysTnd03_files\bindings.xml
C:\Program Files (x86)\Honeywell\Experion PKS\Client\System\R511\Themes\Classic\sysTnd03_files\DS_datasource1.dsd -> C:\Program Files (x86)\Honeywell\Experion PKS\Client\System\R511\sysTnd03_files\DS_datasource1.dsd
66 File(s) copied
